\BOOKMARK [1][]{section.1}{\376\377\116\000\000\040\225\356\230\230\221\315\217\360}{}% 1
\BOOKMARK [2][]{subsection.1.1}{\376\377\0001\000.\0001\000\040\225\356\230\230\200\314\146\157}{section.1}% 2
\BOOKMARK [2][]{subsection.1.2}{\376\377\0001\000.\0002\000\040\225\356\230\230\116\373\122\241}{section.1}% 3
\BOOKMARK [2][]{subsection.1.3}{\376\377\0001\000.\0003\000\040\124\004\225\356\166\356\150\007\116\016\217\223\121\372}{section.1}% 4
\BOOKMARK [1][]{section.2}{\376\377\116\214\000\040\225\356\230\230\122\006\147\220}{}% 5
\BOOKMARK [2][]{subsection.2.1}{\376\377\0002\000.\0001\000\040\140\073\117\123\122\006\147\220}{section.2}% 6
\BOOKMARK [2][]{subsection.2.2}{\376\377\0002\000.\0002\000\040\124\004\133\120\225\356\230\230\122\006\147\220}{section.2}% 7
\BOOKMARK [2][]{subsection.2.3}{\376\377\0002\000.\0003\000\040\133\120\225\356\230\230\117\235\215\126\121\163\174\373}{section.2}% 8
\BOOKMARK [1][]{section.3}{\376\377\116\011\000\040\152\041\127\213\120\107\213\276\116\016\173\046\123\367\213\364\146\016}{}% 9
\BOOKMARK [2][]{subsection.3.1}{\376\377\0003\000.\0001\000\040\152\041\127\213\120\107\213\276}{section.3}% 10
\BOOKMARK [2][]{subsection.3.2}{\376\377\0003\000.\0002\000\040\173\046\123\367\213\364\146\016}{section.3}% 11
\BOOKMARK [1][]{section.4}{\376\377\126\333\000\040\145\160\143\156\230\204\131\004\164\006}{}% 12
\BOOKMARK [2][]{subsection.4.1}{\376\377\0004\000.\0001\000\040\145\160\143\156\147\145\156\220\116\016\176\323\147\204}{section.4}% 13
\BOOKMARK [2][]{subsection.4.2}{\376\377\0004\000.\0002\000\040\133\127\153\265\116\016\123\125\117\115}{section.4}% 14
\BOOKMARK [2][]{subsection.4.3}{\376\377\0004\000.\0003\000\040\177\072\131\061\060\001\137\002\136\070\116\016\221\315\131\015}{section.4}% 15
\BOOKMARK [2][]{subsection.4.4}{\376\377\0004\000.\0004\000\040\162\171\137\201\116\016\155\076\165\037\221\317}{section.4}% 16
\BOOKMARK [2][]{subsection.4.5}{\376\377\0004\000.\0005\000\040\131\004\164\006\124\016\145\160\143\156\123\343\137\204}{section.4}% 17
\BOOKMARK [1][]{section.5}{\376\377\116\224\000\040\152\041\127\213\136\372\172\313\116\016\154\102\211\343}{}% 18
\BOOKMARK [2][]{subsection.5.1}{\376\377\0005\000.\0001\000\040\225\356\230\230\116\000\377\032\000[\230\230\166\356\232\161\122\250\150\007\230\230\377\014\165\061\133\371\214\141\000/\217\307\172\013\000/\152\041\127\213\124\175\124\015\000]}{section.5}% 19
\BOOKMARK [2][]{subsection.5.2}{\376\377\0005\000.\0002\000\040\225\356\230\230\116\214\377\032\000[\230\230\166\356\232\161\122\250\150\007\230\230\377\014\165\061\133\371\214\141\000/\217\307\172\013\000/\152\041\127\213\124\175\124\015\000]}{section.5}% 20
\BOOKMARK [2][]{subsection.5.3}{\376\377\0005\000.\0003\000\040\225\356\230\230\116\011\377\032\000[\230\230\166\356\232\161\122\250\150\007\230\230\377\014\165\061\133\371\214\141\000/\217\307\172\013\000/\152\041\127\213\124\175\124\015\000]}{section.5}% 21
\BOOKMARK [2][]{subsection.5.4}{\376\377\0005\000.\0004\000\040\225\356\230\230\126\333\377\032\000[\230\230\166\356\232\161\122\250\150\007\230\230\377\014\165\061\133\371\214\141\000/\217\307\172\013\000/\152\041\127\213\124\175\124\015\000]}{section.5}% 22
\BOOKMARK [1][]{section.6}{\376\377\121\155\000\040\152\041\127\213\213\304\116\367\116\016\143\250\136\177}{}% 23
\BOOKMARK [2][]{subsection.6.1}{\376\377\0006\000.\0001\000\040\116\073\211\201\117\030\160\271}{section.6}% 24
\BOOKMARK [2][]{subsection.6.2}{\376\377\0006\000.\0002\000\040\135\362\167\345\226\120\122\066}{section.6}% 25
\BOOKMARK [2][]{subsection.6.3}{\376\377\0006\000.\0003\000\040\220\002\165\050\203\003\126\364}{section.6}% 26
\BOOKMARK [0][]{ai_decl.0}{\376\377\000A\000I\000\040\135\345\121\167\117\177\165\050\130\360\146\016}{}% 27
\BOOKMARK [0][]{references.0}{\376\377\123\302\200\003\145\207\163\056}{}% 28
\BOOKMARK [0][]{appendix.0}{\376\377\226\104\137\125}{}% 29
\BOOKMARK [1][]{appendix_a.1}{\376\377\226\104\137\125\000\040\000A\000\040\145\057\144\221\147\120\145\231\145\207\116\366\122\027\210\150}{appendix.0}% 30
\BOOKMARK [1][]{appendix_b.1}{\376\377\226\104\137\125\000\040\000B\000\040\156\220\172\013\136\217\116\343\170\001}{appendix.0}% 31
