This is XeTeX, Version 3.141592653-2.6-0.999997 (MiKTeX 25.12) (preloaded format=xelatex.fmt)
 restricted \write18 enabled.
entering extended mode
(main.tex
LaTeX2e <2025-11-01>
L3 programming layer <2025-12-24>

(C:\Users\Administrator\AppData\Local\Programs\MiKTeX\tex/latex/ctex\ctexart.cl
s

LaTeX Warning: You have requested release `2026/06/01' of LaTeX,
               but only release `2025-11-01' is available.


(C:\Users\Administrator\AppData\Local\Programs\MiKTeX\tex/latex/ctex/config\cte
xbackend.cfg)
(C:\Users\Administrator\AppData\Local\Programs\MiKTeX\tex/latex/l3kernel\expl3.
sty
(C:\Users\Administrator\AppData\Local\Programs\MiKTeX\tex/latex/l3backend\l3bac
kend-xetex.def))
Document Class: ctexart 2026/07/14 v2.6.4 Chinese adapter for class article (CT
EX)

(C:\Users\Administrator\AppData\Local\Programs\MiKTeX\tex/latex/ctex\ctexhook.s
ty

LaTeX Warning: You have requested release `2026/06/01' of LaTeX,
               but only release `2025-11-01' is available.

)
(C:\Users\Administrator\AppData\Local\Programs\MiKTeX\tex/latex/ctex\ctexpatch.
sty

LaTeX Warning: You have requested release `2026/06/01' of LaTeX,
               but only release `2025-11-01' is available.

)
(C:\Users\Administrator\AppData\Local\Programs\MiKTeX\tex/latex/base\fix-cm.sty

(C:\Users\Administrator\AppData\Local\Programs\MiKTeX\tex/latex/base\ts1enc.def
))
(C:\Users\Administrator\AppData\Local\Programs\MiKTeX\tex/latex/ctex/config\cte
xopts.cfg)
(C:\Users\Administrator\AppData\Local\Programs\MiKTeX\tex/latex/base\article.cl
s
Document Class: article 2025/01/22 v1.4n Standard LaTeX document class

(C:\Users\Administrator\AppData\Local\Programs\MiKTeX\tex/latex/base\size12.clo
))
(C:\Users\Administrator\AppData\Local\Programs\MiKTeX\tex/latex/ctex/engine\cte
x-engine-xetex.def
(C:\Users\Administrator\AppData\Local\Programs\MiKTeX\tex/xelatex/xecjk\xeCJK.s
ty

LaTeX Warning: You have requested release `2026/06/01' of LaTeX,
               but only release `2025-11-01' is available.


(C:\Users\Administrator\AppData\Local\Programs\MiKTeX\tex/latex/l3packages/xtem
plate\xtemplate.sty)
(C:\Users\Administrator\AppData\Local\Programs\MiKTeX\tex/latex/fontspec\fontsp
ec.sty
(C:\Users\Administrator\AppData\Local\Programs\MiKTeX\tex/latex/l3packages/xpar
se\xparse.sty)
(C:\Users\Administrator\AppData\Local\Programs\MiKTeX\tex/latex/fontspec\fontsp
ec-xetex.sty
(C:\Users\Administrator\AppData\Local\Programs\MiKTeX\tex/latex/base\fontenc.st
y)
(C:\Users\Administrator\AppData\Local\Programs\MiKTeX\tex/latex/fontspec\fontsp
ec.cfg)))
(C:\Users\Administrator\AppData\Local\Programs\MiKTeX\tex/xelatex/xecjk\xeCJK.c
fg)))
(C:\Users\Administrator\AppData\Local\Programs\MiKTeX\tex/latex/zhnumber\zhnumb
er.sty
(C:\Users\Administrator\AppData\Local\Programs\MiKTeX\tex/latex/zhnumber\zhnumb
er-utf8.cfg))
(C:\Users\Administrator\AppData\Local\Programs\MiKTeX\tex/latex/ctex/scheme\cte
x-scheme-chinese-article.def
(C:\Users\Administrator\AppData\Local\Programs\MiKTeX\tex/latex/ctex/config\cte
x-name-utf8.cfg)))
(C:\Users\Administrator\AppData\Local\Programs\MiKTeX\tex/latex/ctex/config\cte
x.cfg) (template_config.tex) (compliance.tex) (style_tokens.tex)
(C:\Users\Administrator\AppData\Local\Programs\MiKTeX\tex/latex/geometry\geomet
ry.sty
(C:\Users\Administrator\AppData\Local\Programs\MiKTeX\tex/latex/graphics\keyval
.sty)
(C:\Users\Administrator\AppData\Local\Programs\MiKTeX\tex/generic/iftex\ifvtex.
sty
(C:\Users\Administrator\AppData\Local\Programs\MiKTeX\tex/generic/iftex\iftex.s
ty))
(C:\Users\Administrator\AppData\Local\Programs\MiKTeX\tex/latex/geometry\geomet
ry.cfg))
(C:\Users\Administrator\AppData\Local\Programs\MiKTeX\tex/latex/amsmath\amsmath
.sty
For additional information on amsmath, use the `?' option.

(C:\Users\Administrator\AppData\Local\Programs\MiKTeX\tex/latex/amsmath\amstext
.sty
(C:\Users\Administrator\AppData\Local\Programs\MiKTeX\tex/latex/amsmath\amsgen.
sty))
(C:\Users\Administrator\AppData\Local\Programs\MiKTeX\tex/latex/amsmath\amsbsy.
sty)
(C:\Users\Administrator\AppData\Local\Programs\MiKTeX\tex/latex/amsmath\amsopn.
sty))
(C:\Users\Administrator\AppData\Local\Programs\MiKTeX\tex/latex/amsfonts\amssym
b.sty
(C:\Users\Administrator\AppData\Local\Programs\MiKTeX\tex/latex/amsfonts\amsfon
ts.sty))
(C:\Users\Administrator\AppData\Local\Programs\MiKTeX\tex/latex/titlesec\titles
ec.sty)
(C:\Users\Administrator\AppData\Local\Programs\MiKTeX\tex/latex/needspace\needs
pace.sty)
(C:\Users\Administrator\AppData\Local\Programs\MiKTeX\tex/latex/booktabs\bookta
bs.sty)
(C:\Users\Administrator\AppData\Local\Programs\MiKTeX\tex/latex/tools\array.sty
)
(C:\Users\Administrator\AppData\Local\Programs\MiKTeX\tex/latex/tools\tabularx.
sty)
(C:\Users\Administrator\AppData\Local\Programs\MiKTeX\tex/latex/tools\longtable
.sty)
(C:\Users\Administrator\AppData\Local\Programs\MiKTeX\tex/latex/xcolor\xcolor.s
ty
(C:\Users\Administrator\AppData\Local\Programs\MiKTeX\tex/latex/graphics-cfg\co
lor.cfg)
(C:\Users\Administrator\AppData\Local\Programs\MiKTeX\tex/latex/graphics-def\xe
tex.def)
(C:\Users\Administrator\AppData\Local\Programs\MiKTeX\tex/latex/graphics\mathco
lor.ltx))
(C:\Users\Administrator\AppData\Local\Programs\MiKTeX\tex/latex/listings\listin
gs.sty
(C:\Users\Administrator\AppData\Local\Programs\MiKTeX\tex/latex/listings\lstpat
ch.sty)
(C:\Users\Administrator\AppData\Local\Programs\MiKTeX\tex/latex/listings\lstmis
c.sty)
(C:\Users\Administrator\AppData\Local\Programs\MiKTeX\tex/latex/listings\listin
gs.cfg))
(C:\Users\Administrator\AppData\Local\Programs\MiKTeX\tex/xelatex/xecjk\xeCJK-l
istings.sty

LaTeX Warning: You have requested release `2026/06/01' of LaTeX,
               but only release `2025-11-01' is available.

)
==> First Aid for listings.sty no longer applied!
    Expected:
        2024/09/23 1.10c (Carsten Heinz)
    but found:
        2025/11/14 1.11b (Carsten Heinz)
    so I'm assuming it got fixed.

(C:\Users\Administrator\AppData\Local\Programs\MiKTeX\tex/latex/graphics\graphi
cx.sty
(C:\Users\Administrator\AppData\Local\Programs\MiKTeX\tex/latex/graphics\graphi
cs.sty
(C:\Users\Administrator\AppData\Local\Programs\MiKTeX\tex/latex/graphics\trig.s
ty)
(C:\Users\Administrator\AppData\Local\Programs\MiKTeX\tex/latex/graphics-cfg\gr
aphics.cfg)))
(C:\Users\Administrator\AppData\Local\Programs\MiKTeX\tex/latex/caption\caption
.sty
(C:\Users\Administrator\AppData\Local\Programs\MiKTeX\tex/latex/caption\caption
3.sty)
(C:\Users\Administrator\AppData\Local\Programs\MiKTeX\tex/latex/caption\ltcapti
on.sty))
(C:\Users\Administrator\AppData\Local\Programs\MiKTeX\tex/latex/pgf/utilities\p
gffor.sty
(C:\Users\Administrator\AppData\Local\Programs\MiKTeX\tex/latex/pgf/utilities\p
gfrcs.sty
(C:\Users\Administrator\AppData\Local\Programs\MiKTeX\tex/generic/pgf/utilities
\pgfutil-common.tex)
(C:\Users\Administrator\AppData\Local\Programs\MiKTeX\tex/generic/pgf/utilities
\pgfutil-latex.def)
(C:\Users\Administrator\AppData\Local\Programs\MiKTeX\tex/generic/pgf/utilities
\pgfrcs.code.tex
(C:\Users\Administrator\AppData\Local\Programs\MiKTeX\tex/generic/pgf\pgf.revis
ion.tex)))
(C:\Users\Administrator\AppData\Local\Programs\MiKTeX\tex/latex/pgf/utilities\p
gfkeys.sty
(C:\Users\Administrator\AppData\Local\Programs\MiKTeX\tex/generic/pgf/utilities
\pgfkeys.code.tex
(C:\Users\Administrator\AppData\Local\Programs\MiKTeX\tex/generic/pgf/utilities
\pgfkeyslibraryfiltered.code.tex)))
(C:\Users\Administrator\AppData\Local\Programs\MiKTeX\tex/latex/pgf/math\pgfmat
h.sty
(C:\Users\Administrator\AppData\Local\Programs\MiKTeX\tex/generic/pgf/math\pgfm
ath.code.tex
(C:\Users\Administrator\AppData\Local\Programs\MiKTeX\tex/generic/pgf/math\pgfm
athutil.code.tex)
(C:\Users\Administrator\AppData\Local\Programs\MiKTeX\tex/generic/pgf/math\pgfm
athparser.code.tex)
(C:\Users\Administrator\AppData\Local\Programs\MiKTeX\tex/generic/pgf/math\pgfm
athfunctions.code.tex)
(C:\Users\Administrator\AppData\Local\Programs\MiKTeX\tex/generic/pgf/math\pgfm
athfunctions.basic.code.tex)
(C:\Users\Administrator\AppData\Local\Programs\MiKTeX\tex/generic/pgf/math\pgfm
athfunctions.trigonometric.code.tex)
(C:\Users\Administrator\AppData\Local\Programs\MiKTeX\tex/generic/pgf/math\pgfm
athfunctions.random.code.tex)
(C:\Users\Administrator\AppData\Local\Programs\MiKTeX\tex/generic/pgf/math\pgfm
athfunctions.comparison.code.tex)
(C:\Users\Administrator\AppData\Local\Programs\MiKTeX\tex/generic/pgf/math\pgfm
athfunctions.base.code.tex)
(C:\Users\Administrator\AppData\Local\Programs\MiKTeX\tex/generic/pgf/math\pgfm
athfunctions.round.code.tex)
(C:\Users\Administrator\AppData\Local\Programs\MiKTeX\tex/generic/pgf/math\pgfm
athfunctions.misc.code.tex)
(C:\Users\Administrator\AppData\Local\Programs\MiKTeX\tex/generic/pgf/math\pgfm
athfunctions.integerarithmetics.code.tex)
(C:\Users\Administrator\AppData\Local\Programs\MiKTeX\tex/generic/pgf/math\pgfm
athcalc.code.tex)
(C:\Users\Administrator\AppData\Local\Programs\MiKTeX\tex/generic/pgf/math\pgfm
athfloat.code.tex)))
(C:\Users\Administrator\AppData\Local\Programs\MiKTeX\tex/generic/pgf/utilities
\pgffor.code.tex)) (components.tex) (table_components.tex)
(C:\Users\Administrator\AppData\Local\Programs\MiKTeX\tex/latex/hyperref\hyperr
ef.sty
(C:\Users\Administrator\AppData\Local\Programs\MiKTeX\tex/latex/kvsetkeys\kvset
keys.sty)
(C:\Users\Administrator\AppData\Local\Programs\MiKTeX\tex/generic/kvdefinekeys\
kvdefinekeys.sty)
(C:\Users\Administrator\AppData\Local\Programs\MiKTeX\tex/generic/pdfescape\pdf
escape.sty
(C:\Users\Administrator\AppData\Local\Programs\MiKTeX\tex/generic/ltxcmds\ltxcm
ds.sty)
(C:\Users\Administrator\AppData\Local\Programs\MiKTeX\tex/generic/pdftexcmds\pd
ftexcmds.sty
(C:\Users\Administrator\AppData\Local\Programs\MiKTeX\tex/generic/infwarerr\inf
warerr.sty)))
(C:\Users\Administrator\AppData\Local\Programs\MiKTeX\tex/latex/hycolor\hycolor
.sty)
(C:\Users\Administrator\AppData\Local\Programs\MiKTeX\tex/latex/hyperref\namere
f.sty
(C:\Users\Administrator\AppData\Local\Programs\MiKTeX\tex/latex/refcount\refcou
nt.sty)
(C:\Users\Administrator\AppData\Local\Programs\MiKTeX\tex/generic/gettitlestrin
g\gettitlestring.sty
(C:\Users\Administrator\AppData\Local\Programs\MiKTeX\tex/latex/kvoptions\kvopt
ions.sty)))
(C:\Users\Administrator\AppData\Local\Programs\MiKTeX\tex/latex/etoolbox\etoolb
ox.sty)
(C:\Users\Administrator\AppData\Local\Programs\MiKTeX\tex/generic/stringenc\str
ingenc.sty)
(C:\Users\Administrator\AppData\Local\Programs\MiKTeX\tex/latex/hyperref\pd1enc
.def)
(C:\Users\Administrator\AppData\Local\Programs\MiKTeX\tex/generic/intcalc\intca
lc.sty)
(C:\Users\Administrator\AppData\Local\Programs\MiKTeX\tex/latex/hyperref\puenc.
def)
(C:\Users\Administrator\AppData\Local\Programs\MiKTeX\tex/latex/url\url.sty)
(C:\Users\Administrator\AppData\Local\Programs\MiKTeX\tex/generic/bitset\bitset
.sty
(C:\Users\Administrator\AppData\Local\Programs\MiKTeX\tex/generic/bigintcalc\bi
gintcalc.sty)))
(C:\Users\Administrator\AppData\Local\Programs\MiKTeX\tex/latex/hyperref\hxetex
.def
(C:\Users\Administrator\AppData\Local\Programs\MiKTeX\tex/latex/rerunfilecheck\
rerunfilecheck.sty
(C:\Users\Administrator\AppData\Local\Programs\MiKTeX\tex/generic/uniquecounter
\uniquecounter.sty)))
No file main.aux.
*geometry* driver: auto-detecting
*geometry* detected driver: xetex

Package hyperref Warning: Rerun to get /PageLabels entry.

[1] (sections/1_restatement.tex) (sections/2_analysis.tex)
(sections/3_assumptions.tex (sections/4_symbols.tex)) (sections/3_data.tex)
(sections/5_model.tex [2]) (sections/question_1.tex) (sections/question_2.tex)
(sections/question_3.tex) (sections/question_4.tex) (sections/evaluation.tex)
miktex-dvipdfmx: major issue: So far, you have not checked for MiKTeX updates.
[3] [4] (references.tex) [5] (sections/A_code.tex) [6] (main.aux)

LaTeX Warning: Label(s) may have changed. Rerun to get cross-references right.


Package rerunfilecheck Warning: File `main.out' has changed.
(rerunfilecheck)                Rerun to get outlines right
(rerunfilecheck)                or use package `bookmark'.

 )
Output written on main.pdf (6 pages).
Transcript written on main.log.
xelatex: major issue: So far, you have not checked for MiKTeX updates.
