=== WAVE 1: ['Q2-Q2-R51-main-N-A-p0', 'Q1-Q1-R21-main-N-A-p0']
PASS Q1-Q1-R21-main-N-A-p0: v2 attempt=1 isolated=F:\2026 数模\D题重跑\D题\runs\fresh\FULL-D2026-PROD-B\tasks\Q1-Q1-R21-main-N-A-p0\attempts\001
PASS Q2-Q2-R51-main-N-A-p0: v2 attempt=1 isolated=F:\2026 数模\D题重跑\D题\runs\fresh\FULL-D2026-PROD-B\tasks\Q2-Q2-R51-main-N-A-p0\attempts\001
SHARD_AGGREGATE v2: INCOMPLETE (2/19, p50=4.571634799998719, p90=1326.252702800004) -> F:\2026 数模\D题重跑\D题\runs\fresh\FULL-D2026-PROD-B\SHARD_AGGREGATE.json
  - Q2-Q2-R51-main-N-A-p1: 未完成
  - Q2-Q2-R51-main-N-A-p2: 未完成
  - Q2-Q2-R51-main-N-A-p3: 未完成
  - Q2-Q2-R51-main-N-A-p4: 未完成
  - Q2-Q2-R51-main-N-A-p5: 未完成
  - Q2-Q2-R51-main-N-A-p6: 未完成
  - Q3-Q3-R11-main-N-A-p0: 未完成
  - Q3-Q3-R11-main-N-A-p1: 未完成
  - Q3-Q3-R11-main-N-A-p2: 未完成
  - Q3-Q3-R11-main-N-A-p3: 未完成
  - Q3-Q3-R11-main-N-A-p4: 未完成
  - Q3-Q3-R11-main-N-A-p5: 未完成
  - Q3-Q3-R11-main-N-A-p6: 未完成
  - Q4-Q4-R11-main-N-A-p0: 未完成
  - Q4-Q4-R11-main-N-A-p1: 未完成
  - Q4-Q4-R11-main-N-A-p2: 未完成
  - Q4-Q4-R11-main-N-A-p3: 未完成
  - coverage mandatory cases 未完成：Q2-Q2-R51-main-N-A-p1, Q2-Q2-R51-main-N-A-p2, Q2-Q2-R51-main-N-A-p3, Q2-Q2-R51-main-N-A-p4, Q2-Q2-R51-main-N-A-p5, Q2-Q2-R51-main-N-A-p6, Q3-Q3-R11-main-N-A-p0, Q3-Q3-R11-main-N-A-p1, Q3-Q3-R11-main-N-A-p2, Q3-Q3-R11-main-N-A-p3, Q3-Q3-R11-main-N-A-p4, Q3-Q3-R11-main-N-A-p5, Q3-Q3-R11-main-N-A-p6, Q4-Q4-R11-main-N-A-p0, Q4-Q4-R11-main-N-A-p1, Q4-Q4-R11-main-N-A-p2, Q4-Q4-R11-main-N-A-p3
  - stop_policy 未达到停止条件：required shard incomplete
=== WAVE 1 rc=1
